// Jest Snapshot v1, https://goo.gl/fbAQLP

exports[`<Search /> renders without crashing 1`] = `
<Fragment>
  <Row
    noGutters={false}
  >
    <Col
      xs={8}
    >
      <input
        id="test_search_input"
        onChange={[Function]}
        placeholder="Search"
        type="text"
        value=""
      />
    </Col>
    <Col
      xs={4}
    >
      <button
        id="test_search_button"
        onClick={[Function]}
      >
        Search
      </button>
    </Col>
  </Row>
  <div
    className="delimiter-2"
  />
  <Row
    noGutters={false}
  >
    <Col>
      <Toggler
        id="test_search_toggler"
        onChange={[Function]}
        tabs={
          Array [
            "Title",
            "Genre",
          ]
        }
        title="Search by"
      />
    </Col>
  </Row>
</Fragment>
`;
