// Jest Snapshot v1, https://goo.gl/fbAQLP

exports[`<CardItem /> renders without crashing 1`] = `
<div
  className="card-item"
>
  <img />
  <div
    className="delimiter-1"
  />
  <div
    className="description"
  >
    <div
      className="left"
    >
      <h2 />
      <p />
    </div>
    <div
      className="right"
    >
      <div
        className="year"
      />
    </div>
  </div>
</div>
`;
