// Jest Snapshot v1, https://goo.gl/fbAQLP

exports[`<CardsContainer /> renders without crashing 1`] = `
<div
  className="main-page-content"
>
  <Container
    fluid={false}
  >
    <Row
      className="cards-container"
      noGutters={false}
    >
      <div
        className="empty-movies"
      >
        <div>
          No Films Found
        </div>
      </div>
    </Row>
  </Container>
</div>
`;
