// Jest Snapshot v1, https://goo.gl/fbAQLP

exports[`<Toggler /> renders without crashing 1`] = `
<Row
  className="toggler"
  noGutters={false}
>
  <Col
    className="title"
    xs="auto"
  >
    test title
  </Col>
  <Col
    className="buttons"
    xs="auto"
  >
    <div
      className="active"
      id="test_toggler_tab_0"
      key="0"
      onClick={[Function]}
    >
      tab1
    </div>
    <div
      className=""
      id="test_toggler_tab_1"
      key="1"
      onClick={[Function]}
    >
      tab2
    </div>
  </Col>
</Row>
`;
