// Jest Snapshot v1, https://goo.gl/fbAQLP

exports[`<MovieDescription /> renders without crashing 1`] = `
<div
  className="movie-description"
>
  <div
    className="dark-wrapper"
  >
    <Container
      fluid={false}
    >
      <Row
        className="justify-content-between"
        noGutters={false}
      >
        <div>
          <span
            className="logotype"
          >
            <span
              className="bold"
            >
              netflix
            </span>
            roulette
          </span>
        </div>
        <div>
          <button
            className="search-button"
          >
            Search
          </button>
        </div>
      </Row>
      <div
        className="delimiter-4"
      />
      <Row
        noGutters={false}
      >
        <Col
          className="poster-container"
          xs="3"
        >
          <img
            src="https://image.tmdb.org/t/p/w500/3kcEGnYBHDeqmdYf8ZRbKdfmlUy.jpg"
          />
        </Col>
        <Col
          xs="9"
        >
          <div
            className="delimiter-1"
          />
          <div
            className="header"
          >
            <span
              className="title"
            >
              Fifty Shades Freed
            </span>
            <span
              className="rating"
            >
              6.1
            </span>
          </div>
          <div
            className="label"
          >
            Don't miss the climax
          </div>
          <div
            className="delimiter-2"
          />
          <div
            className="film-meta"
          >
            <div
              className="meta-item"
            >
              2018
              <span
                className="small"
              >
                 year
              </span>
            </div>
            <div
              className="meta-item"
            >
              106
              <span
                className="small"
              >
                 min
              </span>
            </div>
          </div>
          <div
            className="delimiter-2"
          />
          <div
            className="description"
          >
            Believing they have left behind shadowy figures from their past, newlyweds Christian and Ana fully embrace an inextricable connection and shared life of luxury. But just as she steps into her role as Mrs. Grey and he relaxes into an unfamiliar stability, new threats could jeopardize their happy ending before it even begins.
          </div>
        </Col>
      </Row>
      <div
        className="delimiter-4"
      />
    </Container>
  </div>
</div>
`;
